2026-04-08 15:21:26 warning: DebugKit is disabling itself as your host `booklio.pl` is not in the known safe list of top-level-domains (localhost, invalid, test, example, local, internal). If you would like to force DebugKit on use the `DebugKit.forceEnable` Configure option.
2026-04-08 15:21:26 warning: DebugKit is disabling itself as your host `booklio.pl` is not in the known safe list of top-level-domains (localhost, invalid, test, example, local, internal). If you would like to force DebugKit on use the `DebugKit.forceEnable` Configure option.
2026-04-08 15:21:27 warning: DebugKit is disabling itself as your host `booklio.pl` is not in the known safe list of top-level-domains (localhost, invalid, test, example, local, internal). If you would like to force DebugKit on use the `DebugKit.forceEnable` Configure option.
2026-04-08 15:21:27 warning: DebugKit is disabling itself as your host `booklio.pl` is not in the known safe list of top-level-domains (localhost, invalid, test, example, local, internal). If you would like to force DebugKit on use the `DebugKit.forceEnable` Configure option.
2026-04-08 15:21:27 warning: DebugKit is disabling itself as your host `booklio.pl` is not in the known safe list of top-level-domains (localhost, invalid, test, example, local, internal). If you would like to force DebugKit on use the `DebugKit.forceEnable` Configure option.
2026-04-08 15:22:19 warning: DebugKit is disabling itself as your host `booklio.pl` is not in the known safe list of top-level-domains (localhost, invalid, test, example, local, internal). If you would like to force DebugKit on use the `DebugKit.forceEnable` Configure option.
2026-04-08 15:22:20 warning: DebugKit is disabling itself as your host `booklio.pl` is not in the known safe list of top-level-domains (localhost, invalid, test, example, local, internal). If you would like to force DebugKit on use the `DebugKit.forceEnable` Configure option.
2026-04-08 15:27:40 warning: DebugKit is disabling itself as your host `booklio.pl` is not in the known safe list of top-level-domains (localhost, invalid, test, example, local, internal). If you would like to force DebugKit on use the `DebugKit.forceEnable` Configure option.
2026-04-08 15:27:40 warning: DebugKit is disabling itself as your host `booklio.pl` is not in the known safe list of top-level-domains (localhost, invalid, test, example, local, internal). If you would like to force DebugKit on use the `DebugKit.forceEnable` Configure option.
2026-04-08 15:27:48 warning: DebugKit is disabling itself as your host `booklio.pl` is not in the known safe list of top-level-domains (localhost, invalid, test, example, local, internal). If you would like to force DebugKit on use the `DebugKit.forceEnable` Configure option.
2026-04-08 15:27:48 warning: DebugKit is disabling itself as your host `booklio.pl` is not in the known safe list of top-level-domains (localhost, invalid, test, example, local, internal). If you would like to force DebugKit on use the `DebugKit.forceEnable` Configure option.
2026-04-08 15:28:13 warning: DebugKit is disabling itself as your host `booklio.pl` is not in the known safe list of top-level-domains (localhost, invalid, test, example, local, internal). If you would like to force DebugKit on use the `DebugKit.forceEnable` Configure option.
2026-04-08 15:28:14 warning: Error saving user id b148ab2c-2e48-4c40-a6c1-dd37efb5d092 password after rehashing: identifier Authentication.Password not found. Check your Auth.PasswordRehash.authenticators configuration.
2026-04-08 15:28:14 warning: DebugKit is disabling itself as your host `booklio.pl` is not in the known safe list of top-level-domains (localhost, invalid, test, example, local, internal). If you would like to force DebugKit on use the `DebugKit.forceEnable` Configure option.
2026-04-08 15:28:15 warning: DebugKit is disabling itself as your host `booklio.pl` is not in the known safe list of top-level-domains (localhost, invalid, test, example, local, internal). If you would like to force DebugKit on use the `DebugKit.forceEnable` Configure option.
2026-04-08 15:28:32 warning: DebugKit is disabling itself as your host `booklio.pl` is not in the known safe list of top-level-domains (localhost, invalid, test, example, local, internal). If you would like to force DebugKit on use the `DebugKit.forceEnable` Configure option.
2026-04-08 15:32:05 warning: DebugKit is disabling itself as your host `booklio.pl` is not in the known safe list of top-level-domains (localhost, invalid, test, example, local, internal). If you would like to force DebugKit on use the `DebugKit.forceEnable` Configure option.
2026-04-08 15:32:28 warning: DebugKit is disabling itself as your host `booklio.pl` is not in the known safe list of top-level-domains (localhost, invalid, test, example, local, internal). If you would like to force DebugKit on use the `DebugKit.forceEnable` Configure option.
2026-04-08 15:32:28 warning: DebugKit is disabling itself as your host `booklio.pl` is not in the known safe list of top-level-domains (localhost, invalid, test, example, local, internal). If you would like to force DebugKit on use the `DebugKit.forceEnable` Configure option.
2026-04-08 15:32:28 warning: DebugKit is disabling itself as your host `booklio.pl` is not in the known safe list of top-level-domains (localhost, invalid, test, example, local, internal). If you would like to force DebugKit on use the `DebugKit.forceEnable` Configure option.
2026-04-08 15:35:36 warning: DebugKit is disabling itself as your host `booklio.pl` is not in the known safe list of top-level-domains (localhost, invalid, test, example, local, internal). If you would like to force DebugKit on use the `DebugKit.forceEnable` Configure option.
2026-04-08 15:35:38 warning: DebugKit is disabling itself as your host `booklio.pl` is not in the known safe list of top-level-domains (localhost, invalid, test, example, local, internal). If you would like to force DebugKit on use the `DebugKit.forceEnable` Configure option.
2026-04-08 15:35:41 warning: DebugKit is disabling itself as your host `booklio.pl` is not in the known safe list of top-level-domains (localhost, invalid, test, example, local, internal). If you would like to force DebugKit on use the `DebugKit.forceEnable` Configure option.
2026-04-08 15:35:41 warning: DebugKit is disabling itself as your host `booklio.pl` is not in the known safe list of top-level-domains (localhost, invalid, test, example, local, internal). If you would like to force DebugKit on use the `DebugKit.forceEnable` Configure option.
2026-04-08 15:35:43 warning: DebugKit is disabling itself as your host `booklio.pl` is not in the known safe list of top-level-domains (localhost, invalid, test, example, local, internal). If you would like to force DebugKit on use the `DebugKit.forceEnable` Configure option.
2026-04-08 15:35:43 warning: Error saving user id b148ab2c-2e48-4c40-a6c1-dd37efb5d092 password after rehashing: identifier Authentication.Password not found. Check your Auth.PasswordRehash.authenticators configuration.
2026-04-08 15:35:43 warning: DebugKit is disabling itself as your host `booklio.pl` is not in the known safe list of top-level-domains (localhost, invalid, test, example, local, internal). If you would like to force DebugKit on use the `DebugKit.forceEnable` Configure option.
2026-04-08 15:36:17 warning: DebugKit is disabling itself as your host `booklio.pl` is not in the known safe list of top-level-domains (localhost, invalid, test, example, local, internal). If you would like to force DebugKit on use the `DebugKit.forceEnable` Configure option.
2026-04-08 15:36:17 warning: DebugKit is disabling itself as your host `booklio.pl` is not in the known safe list of top-level-domains (localhost, invalid, test, example, local, internal). If you would like to force DebugKit on use the `DebugKit.forceEnable` Configure option.
2026-04-08 15:36:17 warning: DebugKit is disabling itself as your host `booklio.pl` is not in the known safe list of top-level-domains (localhost, invalid, test, example, local, internal). If you would like to force DebugKit on use the `DebugKit.forceEnable` Configure option.
2026-04-08 15:36:19 warning: DebugKit is disabling itself as your host `booklio.pl` is not in the known safe list of top-level-domains (localhost, invalid, test, example, local, internal). If you would like to force DebugKit on use the `DebugKit.forceEnable` Configure option.
2026-04-08 15:36:19 warning: DebugKit is disabling itself as your host `booklio.pl` is not in the known safe list of top-level-domains (localhost, invalid, test, example, local, internal). If you would like to force DebugKit on use the `DebugKit.forceEnable` Configure option.
2026-04-08 15:36:20 warning: DebugKit is disabling itself as your host `booklio.pl` is not in the known safe list of top-level-domains (localhost, invalid, test, example, local, internal). If you would like to force DebugKit on use the `DebugKit.forceEnable` Configure option.
2026-04-08 15:36:21 warning: Error saving user id b148ab2c-2e48-4c40-a6c1-dd37efb5d092 password after rehashing: identifier Authentication.Password not found. Check your Auth.PasswordRehash.authenticators configuration.
2026-04-08 15:36:21 warning: DebugKit is disabling itself as your host `booklio.pl` is not in the known safe list of top-level-domains (localhost, invalid, test, example, local, internal). If you would like to force DebugKit on use the `DebugKit.forceEnable` Configure option.
2026-04-08 15:36:25 warning: DebugKit is disabling itself as your host `booklio.pl` is not in the known safe list of top-level-domains (localhost, invalid, test, example, local, internal). If you would like to force DebugKit on use the `DebugKit.forceEnable` Configure option.
2026-04-08 15:36:25 warning: DebugKit is disabling itself as your host `booklio.pl` is not in the known safe list of top-level-domains (localhost, invalid, test, example, local, internal). If you would like to force DebugKit on use the `DebugKit.forceEnable` Configure option.
2026-04-08 15:36:25 warning: DebugKit is disabling itself as your host `booklio.pl` is not in the known safe list of top-level-domains (localhost, invalid, test, example, local, internal). If you would like to force DebugKit on use the `DebugKit.forceEnable` Configure option.
2026-04-08 15:37:07 warning: Error saving user id b148ab2c-2e48-4c40-a6c1-dd37efb5d092 password after rehashing: identifier Authentication.Password not found. Check your Auth.PasswordRehash.authenticators configuration.
2026-04-08 15:59:18 warning: DebugKit is disabling itself as your host `booklio.pl` is not in the known safe list of top-level-domains (localhost, invalid, test, example, local, internal). If you would like to force DebugKit on use the `DebugKit.forceEnable` Configure option.
2026-04-08 15:59:19 warning: DebugKit is disabling itself as your host `booklio.pl` is not in the known safe list of top-level-domains (localhost, invalid, test, example, local, internal). If you would like to force DebugKit on use the `DebugKit.forceEnable` Configure option.
2026-04-08 15:59:37 warning: DebugKit is disabling itself as your host `booklio.pl` is not in the known safe list of top-level-domains (localhost, invalid, test, example, local, internal). If you would like to force DebugKit on use the `DebugKit.forceEnable` Configure option.
2026-04-08 16:04:28 warning: DebugKit is disabling itself as your host `booklio.pl` is not in the known safe list of top-level-domains (localhost, invalid, test, example, local, internal). If you would like to force DebugKit on use the `DebugKit.forceEnable` Configure option.
2026-04-08 16:04:30 warning: DebugKit is disabling itself as your host `booklio.pl` is not in the known safe list of top-level-domains (localhost, invalid, test, example, local, internal). If you would like to force DebugKit on use the `DebugKit.forceEnable` Configure option.
2026-04-08 16:09:52 error: [Cake\Http\Exception\MissingControllerException] Controller class `Assets` could not be found. in /home/jjgroup1srv/domains/booklio.pl/public_html/vendor/cakephp/cakephp/src/Controller/ControllerFactory.php on line 335
Stack Trace:
- CORE/src/Controller/ControllerFactory.php:77
- CORE/src/Http/BaseApplication.php:360
- CORE/src/Http/Runner.php:86
- ROOT/vendor/cakephp/authorization/src/Middleware/RequestAuthorizationMiddleware.php:110
- CORE/src/Http/Runner.php:82
- ROOT/vendor/cakephp/authorization/src/Middleware/AuthorizationMiddleware.php:136
- CORE/src/Http/Runner.php:82
- ROOT/vendor/cakedc/auth/src/Middleware/TwoFactorMiddleware.php:43
- CORE/src/Http/Runner.php:82
- ROOT/vendor/cakephp/authentication/src/Middleware/AuthenticationMiddleware.php:106
- CORE/src/Http/Runner.php:82
- CORE/src/Http/Middleware/CsrfProtectionMiddleware.php:169
- CORE/src/Http/Runner.php:82
- CORE/src/Http/Middleware/BodyParserMiddleware.php:157
- CORE/src/Http/Runner.php:82
- CORE/src/Routing/Middleware/RoutingMiddleware.php:117
- CORE/src/Http/Runner.php:82
- CORE/src/Routing/Middleware/AssetMiddleware.php:79
- CORE/src/Http/Runner.php:82
- CORE/src/Error/Middleware/ErrorHandlerMiddleware.php:115
- CORE/src/Http/Runner.php:82
- APP/Application.php:81
- CORE/src/Http/Runner.php:82
- CORE/src/Http/Runner.php:60
- CORE/src/Http/Server.php:104
- ROOT/webroot/index.php:37
- [main]:

Request URL: /assets/css/tabler-icons.css.map
Client IP: 188.147.249.109
2026-04-08 16:09:52 error: [ERR-77B77B55] HTTP 404 | URL: /assets/css/tabler-icons.css.map | Message: Not Found | Exception: Cake\Http\Exception\MissingControllerException in /home/jjgroup1srv/domains/booklio.pl/public_html/vendor/cakephp/cakephp/src/Controller/ControllerFactory.php:335
#0 /home/jjgroup1srv/domains/booklio.pl/public_html/vendor/cakephp/cakephp/src/Controller/ControllerFactory.php(77): Cake\Controller\ControllerFactory->missingController(Object(Cake\Http\ServerRequest))
#1 /home/jjgroup1srv/domains/booklio.pl/public_html/vendor/cakephp/cakephp/src/Http/BaseApplication.php(360): Cake\Controller\ControllerFactory->create(Object(Cake\Http\ServerRequest))
#2 /home/jjgroup1srv/domains/booklio.pl/public_html/vendor/cakephp/cakephp/src/Http/Runner.php(86): Cake\Http\BaseApplication->handle(Object(Cake\Http\ServerRequest))
#3 /home/jjgroup1srv/domains/booklio.pl/public_html/vendor/cakephp/authorization/src/Middleware/RequestAuthorizationMiddleware.php(110): Cake\Http\Runner->handle(Object(Cake\Http\ServerRequest))
#4 /home/jjgroup1srv/domains/booklio.pl/public_html/vendor/cakephp/cakephp/src/Http/Runner.php(82): Authorization\Middleware\RequestAuthorizationMiddleware->process(Object(Cake\Http\ServerRequest), Object(Cake\Http\Runner))
#5 /home/jjgroup1srv/domains/booklio.pl/public_html/vendor/cakephp/authorization/src/Middleware/AuthorizationMiddleware.php(136): Cake\Http\Runner->handle(Object(Cake\Http\ServerRequest))
#6 /home/jjgroup1srv/domains/booklio.pl/public_html/vendor/cakephp/cakephp/src/Http/Runner.php(82): Authorization\Middleware\AuthorizationMiddleware->process(Object(Cake\Http\ServerRequest), Object(Cake\Http\Runner))
#7 /home/jjgroup1srv/domains/booklio.pl/public_html/vendor/cakedc/auth/src/Middleware/TwoFactorMiddleware.php(43): Cake\Http\Runner->handle(Object(Cake\Http\ServerRequest))
#8 /home/jjgroup1srv/domains/booklio.pl/public_html/vendor/cakephp/cakephp/src/Http/Runner.php(82): CakeDC\Auth\Middleware\TwoFactorMiddleware->process(Object(Cake\Http\ServerRequest), Object(Cake\Http\Runner))
#9 /home/jjgroup1srv/domains/booklio.pl/public_html/vendor/cakephp/authentication/src/Middleware/AuthenticationMiddleware.php(106): Cake\Http\Runner->handle(Object(Cake\Http\ServerRequest))
#10 /home/jjgroup1srv/domains/booklio.pl/public_html/vendor/cakephp/cakephp/src/Http/Runner.php(82): Authentication\Middleware\AuthenticationMiddleware->process(Object(Cake\Http\ServerRequest), Object(Cake\Http\Runner))
#11 /home/jjgroup1srv/domains/booklio.pl/public_html/vendor/cakephp/cakephp/src/Http/Middleware/CsrfProtectionMiddleware.php(169): Cake\Http\Runner->handle(Object(Cake\Http\ServerRequest))
#12 /home/jjgroup1srv/domains/booklio.pl/public_html/vendor/cakephp/cakephp/src/Http/Runner.php(82): Cake\Http\Middleware\CsrfProtectionMiddleware->process(Object(Cake\Http\ServerRequest), Object(Cake\Http\Runner))
#13 /home/jjgroup1srv/domains/booklio.pl/public_html/vendor/cakephp/cakephp/src/Http/Middleware/BodyParserMiddleware.php(157): Cake\Http\Runner->handle(Object(Cake\Http\ServerRequest))
#14 /home/jjgroup1srv/domains/booklio.pl/public_html/vendor/cakephp/cakephp/src/Http/Runner.php(82): Cake\Http\Middleware\BodyParserMiddleware->process(Object(Cake\Http\ServerRequest), Object(Cake\Http\Runner))
#15 /home/jjgroup1srv/domains/booklio.pl/public_html/vendor/cakephp/cakephp/src/Routing/Middleware/RoutingMiddleware.php(117): Cake\Http\Runner->handle(Object(Cake\Http\ServerRequest))
#16 /home/jjgroup1srv/domains/booklio.pl/public_html/vendor/cakephp/cakephp/src/Http/Runner.php(82): Cake\Routing\Middleware\RoutingMiddleware->process(Object(Cake\Http\ServerRequest), Object(Cake\Http\Runner))
#17 /home/jjgroup1srv/domains/booklio.pl/public_html/vendor/cakephp/cakephp/src/Routing/Middleware/AssetMiddleware.php(79): Cake\Http\Runner->handle(Object(Cake\Http\ServerRequest))
#18 /home/jjgroup1srv/domains/booklio.pl/public_html/vendor/cakephp/cakephp/src/Http/Runner.php(82): Cake\Routing\Middleware\AssetMiddleware->process(Object(Cake\Http\ServerRequest), Object(Cake\Http\Runner))
#19 /home/jjgroup1srv/domains/booklio.pl/public_html/vendor/cakephp/cakephp/src/Error/Middleware/ErrorHandlerMiddleware.php(115): Cake\Http\Runner->handle(Object(Cake\Http\ServerRequest))
#20 /home/jjgroup1srv/domains/booklio.pl/public_html/vendor/cakephp/cakephp/src/Http/Runner.php(82): Cake\Error\Middleware\ErrorHandlerMiddleware->process(Object(Cake\Http\ServerRequest), Object(Cake\Http\Runner))
#21 /home/jjgroup1srv/domains/booklio.pl/public_html/src/Application.php(81): Cake\Http\Runner->handle(Object(Cake\Http\ServerRequest))
#22 /home/jjgroup1srv/domains/booklio.pl/public_html/vendor/cakephp/cakephp/src/Http/Runner.php(82): Psr\Http\Server\MiddlewareInterface@anonymous->process(Object(Cake\Http\ServerRequest), Object(Cake\Http\Runner))
#23 /home/jjgroup1srv/domains/booklio.pl/public_html/vendor/cakephp/cakephp/src/Http/Runner.php(60): Cake\Http\Runner->handle(Object(Cake\Http\ServerRequest))
#24 /home/jjgroup1srv/domains/booklio.pl/public_html/vendor/cakephp/cakephp/src/Http/Server.php(104): Cake\Http\Runner->run(Object(Cake\Http\MiddlewareQueue), Object(Cake\Http\ServerRequest), Object(App\Application))
#25 /home/jjgroup1srv/domains/booklio.pl/public_html/webroot/index.php(37): Cake\Http\Server->run()
#26 {main}
2026-04-08 16:11:07 error: [Cake\Http\Exception\MissingControllerException] Controller class `Assets` could not be found. in /home/jjgroup1srv/domains/booklio.pl/public_html/vendor/cakephp/cakephp/src/Controller/ControllerFactory.php on line 335
Stack Trace:
- CORE/src/Controller/ControllerFactory.php:77
- CORE/src/Http/BaseApplication.php:360
- CORE/src/Http/Runner.php:86
- ROOT/vendor/cakephp/authorization/src/Middleware/RequestAuthorizationMiddleware.php:110
- CORE/src/Http/Runner.php:82
- ROOT/vendor/cakephp/authorization/src/Middleware/AuthorizationMiddleware.php:136
- CORE/src/Http/Runner.php:82
- ROOT/vendor/cakedc/auth/src/Middleware/TwoFactorMiddleware.php:43
- CORE/src/Http/Runner.php:82
- ROOT/vendor/cakephp/authentication/src/Middleware/AuthenticationMiddleware.php:106
- CORE/src/Http/Runner.php:82
- CORE/src/Http/Middleware/CsrfProtectionMiddleware.php:169
- CORE/src/Http/Runner.php:82
- CORE/src/Http/Middleware/BodyParserMiddleware.php:157
- CORE/src/Http/Runner.php:82
- CORE/src/Routing/Middleware/RoutingMiddleware.php:117
- CORE/src/Http/Runner.php:82
- CORE/src/Routing/Middleware/AssetMiddleware.php:79
- CORE/src/Http/Runner.php:82
- CORE/src/Error/Middleware/ErrorHandlerMiddleware.php:115
- CORE/src/Http/Runner.php:82
- APP/Application.php:81
- CORE/src/Http/Runner.php:82
- CORE/src/Http/Runner.php:60
- CORE/src/Http/Server.php:104
- ROOT/webroot/index.php:37
- [main]:

Request URL: /assets/css/tabler-icons.css.map
Client IP: 188.147.249.109
2026-04-08 16:11:07 error: [ERR-252C3F86] HTTP 404 | URL: /assets/css/tabler-icons.css.map | Message: Not Found | Exception: Cake\Http\Exception\MissingControllerException in /home/jjgroup1srv/domains/booklio.pl/public_html/vendor/cakephp/cakephp/src/Controller/ControllerFactory.php:335
#0 /home/jjgroup1srv/domains/booklio.pl/public_html/vendor/cakephp/cakephp/src/Controller/ControllerFactory.php(77): Cake\Controller\ControllerFactory->missingController(Object(Cake\Http\ServerRequest))
#1 /home/jjgroup1srv/domains/booklio.pl/public_html/vendor/cakephp/cakephp/src/Http/BaseApplication.php(360): Cake\Controller\ControllerFactory->create(Object(Cake\Http\ServerRequest))
#2 /home/jjgroup1srv/domains/booklio.pl/public_html/vendor/cakephp/cakephp/src/Http/Runner.php(86): Cake\Http\BaseApplication->handle(Object(Cake\Http\ServerRequest))
#3 /home/jjgroup1srv/domains/booklio.pl/public_html/vendor/cakephp/authorization/src/Middleware/RequestAuthorizationMiddleware.php(110): Cake\Http\Runner->handle(Object(Cake\Http\ServerRequest))
#4 /home/jjgroup1srv/domains/booklio.pl/public_html/vendor/cakephp/cakephp/src/Http/Runner.php(82): Authorization\Middleware\RequestAuthorizationMiddleware->process(Object(Cake\Http\ServerRequest), Object(Cake\Http\Runner))
#5 /home/jjgroup1srv/domains/booklio.pl/public_html/vendor/cakephp/authorization/src/Middleware/AuthorizationMiddleware.php(136): Cake\Http\Runner->handle(Object(Cake\Http\ServerRequest))
#6 /home/jjgroup1srv/domains/booklio.pl/public_html/vendor/cakephp/cakephp/src/Http/Runner.php(82): Authorization\Middleware\AuthorizationMiddleware->process(Object(Cake\Http\ServerRequest), Object(Cake\Http\Runner))
#7 /home/jjgroup1srv/domains/booklio.pl/public_html/vendor/cakedc/auth/src/Middleware/TwoFactorMiddleware.php(43): Cake\Http\Runner->handle(Object(Cake\Http\ServerRequest))
#8 /home/jjgroup1srv/domains/booklio.pl/public_html/vendor/cakephp/cakephp/src/Http/Runner.php(82): CakeDC\Auth\Middleware\TwoFactorMiddleware->process(Object(Cake\Http\ServerRequest), Object(Cake\Http\Runner))
#9 /home/jjgroup1srv/domains/booklio.pl/public_html/vendor/cakephp/authentication/src/Middleware/AuthenticationMiddleware.php(106): Cake\Http\Runner->handle(Object(Cake\Http\ServerRequest))
#10 /home/jjgroup1srv/domains/booklio.pl/public_html/vendor/cakephp/cakephp/src/Http/Runner.php(82): Authentication\Middleware\AuthenticationMiddleware->process(Object(Cake\Http\ServerRequest), Object(Cake\Http\Runner))
#11 /home/jjgroup1srv/domains/booklio.pl/public_html/vendor/cakephp/cakephp/src/Http/Middleware/CsrfProtectionMiddleware.php(169): Cake\Http\Runner->handle(Object(Cake\Http\ServerRequest))
#12 /home/jjgroup1srv/domains/booklio.pl/public_html/vendor/cakephp/cakephp/src/Http/Runner.php(82): Cake\Http\Middleware\CsrfProtectionMiddleware->process(Object(Cake\Http\ServerRequest), Object(Cake\Http\Runner))
#13 /home/jjgroup1srv/domains/booklio.pl/public_html/vendor/cakephp/cakephp/src/Http/Middleware/BodyParserMiddleware.php(157): Cake\Http\Runner->handle(Object(Cake\Http\ServerRequest))
#14 /home/jjgroup1srv/domains/booklio.pl/public_html/vendor/cakephp/cakephp/src/Http/Runner.php(82): Cake\Http\Middleware\BodyParserMiddleware->process(Object(Cake\Http\ServerRequest), Object(Cake\Http\Runner))
#15 /home/jjgroup1srv/domains/booklio.pl/public_html/vendor/cakephp/cakephp/src/Routing/Middleware/RoutingMiddleware.php(117): Cake\Http\Runner->handle(Object(Cake\Http\ServerRequest))
#16 /home/jjgroup1srv/domains/booklio.pl/public_html/vendor/cakephp/cakephp/src/Http/Runner.php(82): Cake\Routing\Middleware\RoutingMiddleware->process(Object(Cake\Http\ServerRequest), Object(Cake\Http\Runner))
#17 /home/jjgroup1srv/domains/booklio.pl/public_html/vendor/cakephp/cakephp/src/Routing/Middleware/AssetMiddleware.php(79): Cake\Http\Runner->handle(Object(Cake\Http\ServerRequest))
#18 /home/jjgroup1srv/domains/booklio.pl/public_html/vendor/cakephp/cakephp/src/Http/Runner.php(82): Cake\Routing\Middleware\AssetMiddleware->process(Object(Cake\Http\ServerRequest), Object(Cake\Http\Runner))
#19 /home/jjgroup1srv/domains/booklio.pl/public_html/vendor/cakephp/cakephp/src/Error/Middleware/ErrorHandlerMiddleware.php(115): Cake\Http\Runner->handle(Object(Cake\Http\ServerRequest))
#20 /home/jjgroup1srv/domains/booklio.pl/public_html/vendor/cakephp/cakephp/src/Http/Runner.php(82): Cake\Error\Middleware\ErrorHandlerMiddleware->process(Object(Cake\Http\ServerRequest), Object(Cake\Http\Runner))
#21 /home/jjgroup1srv/domains/booklio.pl/public_html/src/Application.php(81): Cake\Http\Runner->handle(Object(Cake\Http\ServerRequest))
#22 /home/jjgroup1srv/domains/booklio.pl/public_html/vendor/cakephp/cakephp/src/Http/Runner.php(82): Psr\Http\Server\MiddlewareInterface@anonymous->process(Object(Cake\Http\ServerRequest), Object(Cake\Http\Runner))
#23 /home/jjgroup1srv/domains/booklio.pl/public_html/vendor/cakephp/cakephp/src/Http/Runner.php(60): Cake\Http\Runner->handle(Object(Cake\Http\ServerRequest))
#24 /home/jjgroup1srv/domains/booklio.pl/public_html/vendor/cakephp/cakephp/src/Http/Server.php(104): Cake\Http\Runner->run(Object(Cake\Http\MiddlewareQueue), Object(Cake\Http\ServerRequest), Object(App\Application))
#25 /home/jjgroup1srv/domains/booklio.pl/public_html/webroot/index.php(37): Cake\Http\Server->run()
#26 {main}
2026-04-08 16:11:15 error: [Cake\Http\Exception\MissingControllerException] Controller class `Assets` could not be found. in /home/jjgroup1srv/domains/booklio.pl/public_html/vendor/cakephp/cakephp/src/Controller/ControllerFactory.php on line 335
Stack Trace:
- CORE/src/Controller/ControllerFactory.php:77
- CORE/src/Http/BaseApplication.php:360
- CORE/src/Http/Runner.php:86
- ROOT/vendor/cakephp/authorization/src/Middleware/RequestAuthorizationMiddleware.php:110
- CORE/src/Http/Runner.php:82
- ROOT/vendor/cakephp/authorization/src/Middleware/AuthorizationMiddleware.php:136
- CORE/src/Http/Runner.php:82
- ROOT/vendor/cakedc/auth/src/Middleware/TwoFactorMiddleware.php:43
- CORE/src/Http/Runner.php:82
- ROOT/vendor/cakephp/authentication/src/Middleware/AuthenticationMiddleware.php:106
- CORE/src/Http/Runner.php:82
- CORE/src/Http/Middleware/CsrfProtectionMiddleware.php:169
- CORE/src/Http/Runner.php:82
- CORE/src/Http/Middleware/BodyParserMiddleware.php:157
- CORE/src/Http/Runner.php:82
- CORE/src/Routing/Middleware/RoutingMiddleware.php:117
- CORE/src/Http/Runner.php:82
- CORE/src/Routing/Middleware/AssetMiddleware.php:79
- CORE/src/Http/Runner.php:82
- CORE/src/Error/Middleware/ErrorHandlerMiddleware.php:115
- CORE/src/Http/Runner.php:82
- APP/Application.php:81
- CORE/src/Http/Runner.php:82
- CORE/src/Http/Runner.php:60
- CORE/src/Http/Server.php:104
- ROOT/webroot/index.php:37
- [main]:

Request URL: /assets/css/tabler-icons.css.map
Client IP: 188.147.249.109
2026-04-08 16:11:15 error: [ERR-C007E727] HTTP 404 | URL: /assets/css/tabler-icons.css.map | Message: Not Found | Exception: Cake\Http\Exception\MissingControllerException in /home/jjgroup1srv/domains/booklio.pl/public_html/vendor/cakephp/cakephp/src/Controller/ControllerFactory.php:335
#0 /home/jjgroup1srv/domains/booklio.pl/public_html/vendor/cakephp/cakephp/src/Controller/ControllerFactory.php(77): Cake\Controller\ControllerFactory->missingController(Object(Cake\Http\ServerRequest))
#1 /home/jjgroup1srv/domains/booklio.pl/public_html/vendor/cakephp/cakephp/src/Http/BaseApplication.php(360): Cake\Controller\ControllerFactory->create(Object(Cake\Http\ServerRequest))
#2 /home/jjgroup1srv/domains/booklio.pl/public_html/vendor/cakephp/cakephp/src/Http/Runner.php(86): Cake\Http\BaseApplication->handle(Object(Cake\Http\ServerRequest))
#3 /home/jjgroup1srv/domains/booklio.pl/public_html/vendor/cakephp/authorization/src/Middleware/RequestAuthorizationMiddleware.php(110): Cake\Http\Runner->handle(Object(Cake\Http\ServerRequest))
#4 /home/jjgroup1srv/domains/booklio.pl/public_html/vendor/cakephp/cakephp/src/Http/Runner.php(82): Authorization\Middleware\RequestAuthorizationMiddleware->process(Object(Cake\Http\ServerRequest), Object(Cake\Http\Runner))
#5 /home/jjgroup1srv/domains/booklio.pl/public_html/vendor/cakephp/authorization/src/Middleware/AuthorizationMiddleware.php(136): Cake\Http\Runner->handle(Object(Cake\Http\ServerRequest))
#6 /home/jjgroup1srv/domains/booklio.pl/public_html/vendor/cakephp/cakephp/src/Http/Runner.php(82): Authorization\Middleware\AuthorizationMiddleware->process(Object(Cake\Http\ServerRequest), Object(Cake\Http\Runner))
#7 /home/jjgroup1srv/domains/booklio.pl/public_html/vendor/cakedc/auth/src/Middleware/TwoFactorMiddleware.php(43): Cake\Http\Runner->handle(Object(Cake\Http\ServerRequest))
#8 /home/jjgroup1srv/domains/booklio.pl/public_html/vendor/cakephp/cakephp/src/Http/Runner.php(82): CakeDC\Auth\Middleware\TwoFactorMiddleware->process(Object(Cake\Http\ServerRequest), Object(Cake\Http\Runner))
#9 /home/jjgroup1srv/domains/booklio.pl/public_html/vendor/cakephp/authentication/src/Middleware/AuthenticationMiddleware.php(106): Cake\Http\Runner->handle(Object(Cake\Http\ServerRequest))
#10 /home/jjgroup1srv/domains/booklio.pl/public_html/vendor/cakephp/cakephp/src/Http/Runner.php(82): Authentication\Middleware\AuthenticationMiddleware->process(Object(Cake\Http\ServerRequest), Object(Cake\Http\Runner))
#11 /home/jjgroup1srv/domains/booklio.pl/public_html/vendor/cakephp/cakephp/src/Http/Middleware/CsrfProtectionMiddleware.php(169): Cake\Http\Runner->handle(Object(Cake\Http\ServerRequest))
#12 /home/jjgroup1srv/domains/booklio.pl/public_html/vendor/cakephp/cakephp/src/Http/Runner.php(82): Cake\Http\Middleware\CsrfProtectionMiddleware->process(Object(Cake\Http\ServerRequest), Object(Cake\Http\Runner))
#13 /home/jjgroup1srv/domains/booklio.pl/public_html/vendor/cakephp/cakephp/src/Http/Middleware/BodyParserMiddleware.php(157): Cake\Http\Runner->handle(Object(Cake\Http\ServerRequest))
#14 /home/jjgroup1srv/domains/booklio.pl/public_html/vendor/cakephp/cakephp/src/Http/Runner.php(82): Cake\Http\Middleware\BodyParserMiddleware->process(Object(Cake\Http\ServerRequest), Object(Cake\Http\Runner))
#15 /home/jjgroup1srv/domains/booklio.pl/public_html/vendor/cakephp/cakephp/src/Routing/Middleware/RoutingMiddleware.php(117): Cake\Http\Runner->handle(Object(Cake\Http\ServerRequest))
#16 /home/jjgroup1srv/domains/booklio.pl/public_html/vendor/cakephp/cakephp/src/Http/Runner.php(82): Cake\Routing\Middleware\RoutingMiddleware->process(Object(Cake\Http\ServerRequest), Object(Cake\Http\Runner))
#17 /home/jjgroup1srv/domains/booklio.pl/public_html/vendor/cakephp/cakephp/src/Routing/Middleware/AssetMiddleware.php(79): Cake\Http\Runner->handle(Object(Cake\Http\ServerRequest))
#18 /home/jjgroup1srv/domains/booklio.pl/public_html/vendor/cakephp/cakephp/src/Http/Runner.php(82): Cake\Routing\Middleware\AssetMiddleware->process(Object(Cake\Http\ServerRequest), Object(Cake\Http\Runner))
#19 /home/jjgroup1srv/domains/booklio.pl/public_html/vendor/cakephp/cakephp/src/Error/Middleware/ErrorHandlerMiddleware.php(115): Cake\Http\Runner->handle(Object(Cake\Http\ServerRequest))
#20 /home/jjgroup1srv/domains/booklio.pl/public_html/vendor/cakephp/cakephp/src/Http/Runner.php(82): Cake\Error\Middleware\ErrorHandlerMiddleware->process(Object(Cake\Http\ServerRequest), Object(Cake\Http\Runner))
#21 /home/jjgroup1srv/domains/booklio.pl/public_html/src/Application.php(81): Cake\Http\Runner->handle(Object(Cake\Http\ServerRequest))
#22 /home/jjgroup1srv/domains/booklio.pl/public_html/vendor/cakephp/cakephp/src/Http/Runner.php(82): Psr\Http\Server\MiddlewareInterface@anonymous->process(Object(Cake\Http\ServerRequest), Object(Cake\Http\Runner))
#23 /home/jjgroup1srv/domains/booklio.pl/public_html/vendor/cakephp/cakephp/src/Http/Runner.php(60): Cake\Http\Runner->handle(Object(Cake\Http\ServerRequest))
#24 /home/jjgroup1srv/domains/booklio.pl/public_html/vendor/cakephp/cakephp/src/Http/Server.php(104): Cake\Http\Runner->run(Object(Cake\Http\MiddlewareQueue), Object(Cake\Http\ServerRequest), Object(App\Application))
#25 /home/jjgroup1srv/domains/booklio.pl/public_html/webroot/index.php(37): Cake\Http\Server->run()
#26 {main}
2026-04-08 16:11:30 error: [Cake\Http\Exception\MissingControllerException] Controller class `Assets` could not be found. in /home/jjgroup1srv/domains/booklio.pl/public_html/vendor/cakephp/cakephp/src/Controller/ControllerFactory.php on line 335
Stack Trace:
- CORE/src/Controller/ControllerFactory.php:77
- CORE/src/Http/BaseApplication.php:360
- CORE/src/Http/Runner.php:86
- ROOT/vendor/cakephp/authorization/src/Middleware/RequestAuthorizationMiddleware.php:110
- CORE/src/Http/Runner.php:82
- ROOT/vendor/cakephp/authorization/src/Middleware/AuthorizationMiddleware.php:136
- CORE/src/Http/Runner.php:82
- ROOT/vendor/cakedc/auth/src/Middleware/TwoFactorMiddleware.php:43
- CORE/src/Http/Runner.php:82
- ROOT/vendor/cakephp/authentication/src/Middleware/AuthenticationMiddleware.php:106
- CORE/src/Http/Runner.php:82
- CORE/src/Http/Middleware/CsrfProtectionMiddleware.php:169
- CORE/src/Http/Runner.php:82
- CORE/src/Http/Middleware/BodyParserMiddleware.php:157
- CORE/src/Http/Runner.php:82
- CORE/src/Routing/Middleware/RoutingMiddleware.php:117
- CORE/src/Http/Runner.php:82
- CORE/src/Routing/Middleware/AssetMiddleware.php:79
- CORE/src/Http/Runner.php:82
- CORE/src/Error/Middleware/ErrorHandlerMiddleware.php:115
- CORE/src/Http/Runner.php:82
- APP/Application.php:81
- CORE/src/Http/Runner.php:82
- CORE/src/Http/Runner.php:60
- CORE/src/Http/Server.php:104
- ROOT/webroot/index.php:37
- [main]:

Request URL: /assets/css/tabler-icons.css.map
Client IP: 188.147.249.109
2026-04-08 16:11:30 error: [ERR-87BFCCE3] HTTP 404 | URL: /assets/css/tabler-icons.css.map | Message: Not Found | Exception: Cake\Http\Exception\MissingControllerException in /home/jjgroup1srv/domains/booklio.pl/public_html/vendor/cakephp/cakephp/src/Controller/ControllerFactory.php:335
#0 /home/jjgroup1srv/domains/booklio.pl/public_html/vendor/cakephp/cakephp/src/Controller/ControllerFactory.php(77): Cake\Controller\ControllerFactory->missingController(Object(Cake\Http\ServerRequest))
#1 /home/jjgroup1srv/domains/booklio.pl/public_html/vendor/cakephp/cakephp/src/Http/BaseApplication.php(360): Cake\Controller\ControllerFactory->create(Object(Cake\Http\ServerRequest))
#2 /home/jjgroup1srv/domains/booklio.pl/public_html/vendor/cakephp/cakephp/src/Http/Runner.php(86): Cake\Http\BaseApplication->handle(Object(Cake\Http\ServerRequest))
#3 /home/jjgroup1srv/domains/booklio.pl/public_html/vendor/cakephp/authorization/src/Middleware/RequestAuthorizationMiddleware.php(110): Cake\Http\Runner->handle(Object(Cake\Http\ServerRequest))
#4 /home/jjgroup1srv/domains/booklio.pl/public_html/vendor/cakephp/cakephp/src/Http/Runner.php(82): Authorization\Middleware\RequestAuthorizationMiddleware->process(Object(Cake\Http\ServerRequest), Object(Cake\Http\Runner))
#5 /home/jjgroup1srv/domains/booklio.pl/public_html/vendor/cakephp/authorization/src/Middleware/AuthorizationMiddleware.php(136): Cake\Http\Runner->handle(Object(Cake\Http\ServerRequest))
#6 /home/jjgroup1srv/domains/booklio.pl/public_html/vendor/cakephp/cakephp/src/Http/Runner.php(82): Authorization\Middleware\AuthorizationMiddleware->process(Object(Cake\Http\ServerRequest), Object(Cake\Http\Runner))
#7 /home/jjgroup1srv/domains/booklio.pl/public_html/vendor/cakedc/auth/src/Middleware/TwoFactorMiddleware.php(43): Cake\Http\Runner->handle(Object(Cake\Http\ServerRequest))
#8 /home/jjgroup1srv/domains/booklio.pl/public_html/vendor/cakephp/cakephp/src/Http/Runner.php(82): CakeDC\Auth\Middleware\TwoFactorMiddleware->process(Object(Cake\Http\ServerRequest), Object(Cake\Http\Runner))
#9 /home/jjgroup1srv/domains/booklio.pl/public_html/vendor/cakephp/authentication/src/Middleware/AuthenticationMiddleware.php(106): Cake\Http\Runner->handle(Object(Cake\Http\ServerRequest))
#10 /home/jjgroup1srv/domains/booklio.pl/public_html/vendor/cakephp/cakephp/src/Http/Runner.php(82): Authentication\Middleware\AuthenticationMiddleware->process(Object(Cake\Http\ServerRequest), Object(Cake\Http\Runner))
#11 /home/jjgroup1srv/domains/booklio.pl/public_html/vendor/cakephp/cakephp/src/Http/Middleware/CsrfProtectionMiddleware.php(169): Cake\Http\Runner->handle(Object(Cake\Http\ServerRequest))
#12 /home/jjgroup1srv/domains/booklio.pl/public_html/vendor/cakephp/cakephp/src/Http/Runner.php(82): Cake\Http\Middleware\CsrfProtectionMiddleware->process(Object(Cake\Http\ServerRequest), Object(Cake\Http\Runner))
#13 /home/jjgroup1srv/domains/booklio.pl/public_html/vendor/cakephp/cakephp/src/Http/Middleware/BodyParserMiddleware.php(157): Cake\Http\Runner->handle(Object(Cake\Http\ServerRequest))
#14 /home/jjgroup1srv/domains/booklio.pl/public_html/vendor/cakephp/cakephp/src/Http/Runner.php(82): Cake\Http\Middleware\BodyParserMiddleware->process(Object(Cake\Http\ServerRequest), Object(Cake\Http\Runner))
#15 /home/jjgroup1srv/domains/booklio.pl/public_html/vendor/cakephp/cakephp/src/Routing/Middleware/RoutingMiddleware.php(117): Cake\Http\Runner->handle(Object(Cake\Http\ServerRequest))
#16 /home/jjgroup1srv/domains/booklio.pl/public_html/vendor/cakephp/cakephp/src/Http/Runner.php(82): Cake\Routing\Middleware\RoutingMiddleware->process(Object(Cake\Http\ServerRequest), Object(Cake\Http\Runner))
#17 /home/jjgroup1srv/domains/booklio.pl/public_html/vendor/cakephp/cakephp/src/Routing/Middleware/AssetMiddleware.php(79): Cake\Http\Runner->handle(Object(Cake\Http\ServerRequest))
#18 /home/jjgroup1srv/domains/booklio.pl/public_html/vendor/cakephp/cakephp/src/Http/Runner.php(82): Cake\Routing\Middleware\AssetMiddleware->process(Object(Cake\Http\ServerRequest), Object(Cake\Http\Runner))
#19 /home/jjgroup1srv/domains/booklio.pl/public_html/vendor/cakephp/cakephp/src/Error/Middleware/ErrorHandlerMiddleware.php(115): Cake\Http\Runner->handle(Object(Cake\Http\ServerRequest))
#20 /home/jjgroup1srv/domains/booklio.pl/public_html/vendor/cakephp/cakephp/src/Http/Runner.php(82): Cake\Error\Middleware\ErrorHandlerMiddleware->process(Object(Cake\Http\ServerRequest), Object(Cake\Http\Runner))
#21 /home/jjgroup1srv/domains/booklio.pl/public_html/src/Application.php(81): Cake\Http\Runner->handle(Object(Cake\Http\ServerRequest))
#22 /home/jjgroup1srv/domains/booklio.pl/public_html/vendor/cakephp/cakephp/src/Http/Runner.php(82): Psr\Http\Server\MiddlewareInterface@anonymous->process(Object(Cake\Http\ServerRequest), Object(Cake\Http\Runner))
#23 /home/jjgroup1srv/domains/booklio.pl/public_html/vendor/cakephp/cakephp/src/Http/Runner.php(60): Cake\Http\Runner->handle(Object(Cake\Http\ServerRequest))
#24 /home/jjgroup1srv/domains/booklio.pl/public_html/vendor/cakephp/cakephp/src/Http/Server.php(104): Cake\Http\Runner->run(Object(Cake\Http\MiddlewareQueue), Object(Cake\Http\ServerRequest), Object(App\Application))
#25 /home/jjgroup1srv/domains/booklio.pl/public_html/webroot/index.php(37): Cake\Http\Server->run()
#26 {main}
2026-04-08 16:11:54 error: [Cake\Http\Exception\MissingControllerException] Controller class `Assets` could not be found. in /home/jjgroup1srv/domains/booklio.pl/public_html/vendor/cakephp/cakephp/src/Controller/ControllerFactory.php on line 335
Stack Trace:
- CORE/src/Controller/ControllerFactory.php:77
- CORE/src/Http/BaseApplication.php:360
- CORE/src/Http/Runner.php:86
- ROOT/vendor/cakephp/authorization/src/Middleware/RequestAuthorizationMiddleware.php:110
- CORE/src/Http/Runner.php:82
- ROOT/vendor/cakephp/authorization/src/Middleware/AuthorizationMiddleware.php:136
- CORE/src/Http/Runner.php:82
- ROOT/vendor/cakedc/auth/src/Middleware/TwoFactorMiddleware.php:43
- CORE/src/Http/Runner.php:82
- ROOT/vendor/cakephp/authentication/src/Middleware/AuthenticationMiddleware.php:106
- CORE/src/Http/Runner.php:82
- CORE/src/Http/Middleware/CsrfProtectionMiddleware.php:169
- CORE/src/Http/Runner.php:82
- CORE/src/Http/Middleware/BodyParserMiddleware.php:157
- CORE/src/Http/Runner.php:82
- CORE/src/Routing/Middleware/RoutingMiddleware.php:117
- CORE/src/Http/Runner.php:82
- CORE/src/Routing/Middleware/AssetMiddleware.php:79
- CORE/src/Http/Runner.php:82
- CORE/src/Error/Middleware/ErrorHandlerMiddleware.php:115
- CORE/src/Http/Runner.php:82
- APP/Application.php:81
- CORE/src/Http/Runner.php:82
- CORE/src/Http/Runner.php:60
- CORE/src/Http/Server.php:104
- ROOT/webroot/index.php:37
- [main]:

Request URL: /assets/css/tabler-icons.css.map
Client IP: 188.147.249.109
2026-04-08 16:11:54 error: [ERR-D59B5223] HTTP 404 | URL: /assets/css/tabler-icons.css.map | Message: Not Found | Exception: Cake\Http\Exception\MissingControllerException in /home/jjgroup1srv/domains/booklio.pl/public_html/vendor/cakephp/cakephp/src/Controller/ControllerFactory.php:335
#0 /home/jjgroup1srv/domains/booklio.pl/public_html/vendor/cakephp/cakephp/src/Controller/ControllerFactory.php(77): Cake\Controller\ControllerFactory->missingController(Object(Cake\Http\ServerRequest))
#1 /home/jjgroup1srv/domains/booklio.pl/public_html/vendor/cakephp/cakephp/src/Http/BaseApplication.php(360): Cake\Controller\ControllerFactory->create(Object(Cake\Http\ServerRequest))
#2 /home/jjgroup1srv/domains/booklio.pl/public_html/vendor/cakephp/cakephp/src/Http/Runner.php(86): Cake\Http\BaseApplication->handle(Object(Cake\Http\ServerRequest))
#3 /home/jjgroup1srv/domains/booklio.pl/public_html/vendor/cakephp/authorization/src/Middleware/RequestAuthorizationMiddleware.php(110): Cake\Http\Runner->handle(Object(Cake\Http\ServerRequest))
#4 /home/jjgroup1srv/domains/booklio.pl/public_html/vendor/cakephp/cakephp/src/Http/Runner.php(82): Authorization\Middleware\RequestAuthorizationMiddleware->process(Object(Cake\Http\ServerRequest), Object(Cake\Http\Runner))
#5 /home/jjgroup1srv/domains/booklio.pl/public_html/vendor/cakephp/authorization/src/Middleware/AuthorizationMiddleware.php(136): Cake\Http\Runner->handle(Object(Cake\Http\ServerRequest))
#6 /home/jjgroup1srv/domains/booklio.pl/public_html/vendor/cakephp/cakephp/src/Http/Runner.php(82): Authorization\Middleware\AuthorizationMiddleware->process(Object(Cake\Http\ServerRequest), Object(Cake\Http\Runner))
#7 /home/jjgroup1srv/domains/booklio.pl/public_html/vendor/cakedc/auth/src/Middleware/TwoFactorMiddleware.php(43): Cake\Http\Runner->handle(Object(Cake\Http\ServerRequest))
#8 /home/jjgroup1srv/domains/booklio.pl/public_html/vendor/cakephp/cakephp/src/Http/Runner.php(82): CakeDC\Auth\Middleware\TwoFactorMiddleware->process(Object(Cake\Http\ServerRequest), Object(Cake\Http\Runner))
#9 /home/jjgroup1srv/domains/booklio.pl/public_html/vendor/cakephp/authentication/src/Middleware/AuthenticationMiddleware.php(106): Cake\Http\Runner->handle(Object(Cake\Http\ServerRequest))
#10 /home/jjgroup1srv/domains/booklio.pl/public_html/vendor/cakephp/cakephp/src/Http/Runner.php(82): Authentication\Middleware\AuthenticationMiddleware->process(Object(Cake\Http\ServerRequest), Object(Cake\Http\Runner))
#11 /home/jjgroup1srv/domains/booklio.pl/public_html/vendor/cakephp/cakephp/src/Http/Middleware/CsrfProtectionMiddleware.php(169): Cake\Http\Runner->handle(Object(Cake\Http\ServerRequest))
#12 /home/jjgroup1srv/domains/booklio.pl/public_html/vendor/cakephp/cakephp/src/Http/Runner.php(82): Cake\Http\Middleware\CsrfProtectionMiddleware->process(Object(Cake\Http\ServerRequest), Object(Cake\Http\Runner))
#13 /home/jjgroup1srv/domains/booklio.pl/public_html/vendor/cakephp/cakephp/src/Http/Middleware/BodyParserMiddleware.php(157): Cake\Http\Runner->handle(Object(Cake\Http\ServerRequest))
#14 /home/jjgroup1srv/domains/booklio.pl/public_html/vendor/cakephp/cakephp/src/Http/Runner.php(82): Cake\Http\Middleware\BodyParserMiddleware->process(Object(Cake\Http\ServerRequest), Object(Cake\Http\Runner))
#15 /home/jjgroup1srv/domains/booklio.pl/public_html/vendor/cakephp/cakephp/src/Routing/Middleware/RoutingMiddleware.php(117): Cake\Http\Runner->handle(Object(Cake\Http\ServerRequest))
#16 /home/jjgroup1srv/domains/booklio.pl/public_html/vendor/cakephp/cakephp/src/Http/Runner.php(82): Cake\Routing\Middleware\RoutingMiddleware->process(Object(Cake\Http\ServerRequest), Object(Cake\Http\Runner))
#17 /home/jjgroup1srv/domains/booklio.pl/public_html/vendor/cakephp/cakephp/src/Routing/Middleware/AssetMiddleware.php(79): Cake\Http\Runner->handle(Object(Cake\Http\ServerRequest))
#18 /home/jjgroup1srv/domains/booklio.pl/public_html/vendor/cakephp/cakephp/src/Http/Runner.php(82): Cake\Routing\Middleware\AssetMiddleware->process(Object(Cake\Http\ServerRequest), Object(Cake\Http\Runner))
#19 /home/jjgroup1srv/domains/booklio.pl/public_html/vendor/cakephp/cakephp/src/Error/Middleware/ErrorHandlerMiddleware.php(115): Cake\Http\Runner->handle(Object(Cake\Http\ServerRequest))
#20 /home/jjgroup1srv/domains/booklio.pl/public_html/vendor/cakephp/cakephp/src/Http/Runner.php(82): Cake\Error\Middleware\ErrorHandlerMiddleware->process(Object(Cake\Http\ServerRequest), Object(Cake\Http\Runner))
#21 /home/jjgroup1srv/domains/booklio.pl/public_html/src/Application.php(81): Cake\Http\Runner->handle(Object(Cake\Http\ServerRequest))
#22 /home/jjgroup1srv/domains/booklio.pl/public_html/vendor/cakephp/cakephp/src/Http/Runner.php(82): Psr\Http\Server\MiddlewareInterface@anonymous->process(Object(Cake\Http\ServerRequest), Object(Cake\Http\Runner))
#23 /home/jjgroup1srv/domains/booklio.pl/public_html/vendor/cakephp/cakephp/src/Http/Runner.php(60): Cake\Http\Runner->handle(Object(Cake\Http\ServerRequest))
#24 /home/jjgroup1srv/domains/booklio.pl/public_html/vendor/cakephp/cakephp/src/Http/Server.php(104): Cake\Http\Runner->run(Object(Cake\Http\MiddlewareQueue), Object(Cake\Http\ServerRequest), Object(App\Application))
#25 /home/jjgroup1srv/domains/booklio.pl/public_html/webroot/index.php(37): Cake\Http\Server->run()
#26 {main}
2026-04-08 16:12:22 error: [Cake\Http\Exception\MissingControllerException] Controller class `Assets` could not be found. in /home/jjgroup1srv/domains/booklio.pl/public_html/vendor/cakephp/cakephp/src/Controller/ControllerFactory.php on line 335
Stack Trace:
- CORE/src/Controller/ControllerFactory.php:77
- CORE/src/Http/BaseApplication.php:360
- CORE/src/Http/Runner.php:86
- ROOT/vendor/cakephp/authorization/src/Middleware/RequestAuthorizationMiddleware.php:110
- CORE/src/Http/Runner.php:82
- ROOT/vendor/cakephp/authorization/src/Middleware/AuthorizationMiddleware.php:136
- CORE/src/Http/Runner.php:82
- ROOT/vendor/cakedc/auth/src/Middleware/TwoFactorMiddleware.php:43
- CORE/src/Http/Runner.php:82
- ROOT/vendor/cakephp/authentication/src/Middleware/AuthenticationMiddleware.php:106
- CORE/src/Http/Runner.php:82
- CORE/src/Http/Middleware/CsrfProtectionMiddleware.php:169
- CORE/src/Http/Runner.php:82
- CORE/src/Http/Middleware/BodyParserMiddleware.php:157
- CORE/src/Http/Runner.php:82
- CORE/src/Routing/Middleware/RoutingMiddleware.php:117
- CORE/src/Http/Runner.php:82
- CORE/src/Routing/Middleware/AssetMiddleware.php:79
- CORE/src/Http/Runner.php:82
- CORE/src/Error/Middleware/ErrorHandlerMiddleware.php:115
- CORE/src/Http/Runner.php:82
- APP/Application.php:81
- CORE/src/Http/Runner.php:82
- CORE/src/Http/Runner.php:60
- CORE/src/Http/Server.php:104
- ROOT/webroot/index.php:37
- [main]:

Request URL: /assets/css/tabler-icons.css.map
Client IP: 188.147.249.109
2026-04-08 16:12:22 error: [ERR-7090CF83] HTTP 404 | URL: /assets/css/tabler-icons.css.map | Message: Not Found | Exception: Cake\Http\Exception\MissingControllerException in /home/jjgroup1srv/domains/booklio.pl/public_html/vendor/cakephp/cakephp/src/Controller/ControllerFactory.php:335
#0 /home/jjgroup1srv/domains/booklio.pl/public_html/vendor/cakephp/cakephp/src/Controller/ControllerFactory.php(77): Cake\Controller\ControllerFactory->missingController(Object(Cake\Http\ServerRequest))
#1 /home/jjgroup1srv/domains/booklio.pl/public_html/vendor/cakephp/cakephp/src/Http/BaseApplication.php(360): Cake\Controller\ControllerFactory->create(Object(Cake\Http\ServerRequest))
#2 /home/jjgroup1srv/domains/booklio.pl/public_html/vendor/cakephp/cakephp/src/Http/Runner.php(86): Cake\Http\BaseApplication->handle(Object(Cake\Http\ServerRequest))
#3 /home/jjgroup1srv/domains/booklio.pl/public_html/vendor/cakephp/authorization/src/Middleware/RequestAuthorizationMiddleware.php(110): Cake\Http\Runner->handle(Object(Cake\Http\ServerRequest))
#4 /home/jjgroup1srv/domains/booklio.pl/public_html/vendor/cakephp/cakephp/src/Http/Runner.php(82): Authorization\Middleware\RequestAuthorizationMiddleware->process(Object(Cake\Http\ServerRequest), Object(Cake\Http\Runner))
#5 /home/jjgroup1srv/domains/booklio.pl/public_html/vendor/cakephp/authorization/src/Middleware/AuthorizationMiddleware.php(136): Cake\Http\Runner->handle(Object(Cake\Http\ServerRequest))
#6 /home/jjgroup1srv/domains/booklio.pl/public_html/vendor/cakephp/cakephp/src/Http/Runner.php(82): Authorization\Middleware\AuthorizationMiddleware->process(Object(Cake\Http\ServerRequest), Object(Cake\Http\Runner))
#7 /home/jjgroup1srv/domains/booklio.pl/public_html/vendor/cakedc/auth/src/Middleware/TwoFactorMiddleware.php(43): Cake\Http\Runner->handle(Object(Cake\Http\ServerRequest))
#8 /home/jjgroup1srv/domains/booklio.pl/public_html/vendor/cakephp/cakephp/src/Http/Runner.php(82): CakeDC\Auth\Middleware\TwoFactorMiddleware->process(Object(Cake\Http\ServerRequest), Object(Cake\Http\Runner))
#9 /home/jjgroup1srv/domains/booklio.pl/public_html/vendor/cakephp/authentication/src/Middleware/AuthenticationMiddleware.php(106): Cake\Http\Runner->handle(Object(Cake\Http\ServerRequest))
#10 /home/jjgroup1srv/domains/booklio.pl/public_html/vendor/cakephp/cakephp/src/Http/Runner.php(82): Authentication\Middleware\AuthenticationMiddleware->process(Object(Cake\Http\ServerRequest), Object(Cake\Http\Runner))
#11 /home/jjgroup1srv/domains/booklio.pl/public_html/vendor/cakephp/cakephp/src/Http/Middleware/CsrfProtectionMiddleware.php(169): Cake\Http\Runner->handle(Object(Cake\Http\ServerRequest))
#12 /home/jjgroup1srv/domains/booklio.pl/public_html/vendor/cakephp/cakephp/src/Http/Runner.php(82): Cake\Http\Middleware\CsrfProtectionMiddleware->process(Object(Cake\Http\ServerRequest), Object(Cake\Http\Runner))
#13 /home/jjgroup1srv/domains/booklio.pl/public_html/vendor/cakephp/cakephp/src/Http/Middleware/BodyParserMiddleware.php(157): Cake\Http\Runner->handle(Object(Cake\Http\ServerRequest))
#14 /home/jjgroup1srv/domains/booklio.pl/public_html/vendor/cakephp/cakephp/src/Http/Runner.php(82): Cake\Http\Middleware\BodyParserMiddleware->process(Object(Cake\Http\ServerRequest), Object(Cake\Http\Runner))
#15 /home/jjgroup1srv/domains/booklio.pl/public_html/vendor/cakephp/cakephp/src/Routing/Middleware/RoutingMiddleware.php(117): Cake\Http\Runner->handle(Object(Cake\Http\ServerRequest))
#16 /home/jjgroup1srv/domains/booklio.pl/public_html/vendor/cakephp/cakephp/src/Http/Runner.php(82): Cake\Routing\Middleware\RoutingMiddleware->process(Object(Cake\Http\ServerRequest), Object(Cake\Http\Runner))
#17 /home/jjgroup1srv/domains/booklio.pl/public_html/vendor/cakephp/cakephp/src/Routing/Middleware/AssetMiddleware.php(79): Cake\Http\Runner->handle(Object(Cake\Http\ServerRequest))
#18 /home/jjgroup1srv/domains/booklio.pl/public_html/vendor/cakephp/cakephp/src/Http/Runner.php(82): Cake\Routing\Middleware\AssetMiddleware->process(Object(Cake\Http\ServerRequest), Object(Cake\Http\Runner))
#19 /home/jjgroup1srv/domains/booklio.pl/public_html/vendor/cakephp/cakephp/src/Error/Middleware/ErrorHandlerMiddleware.php(115): Cake\Http\Runner->handle(Object(Cake\Http\ServerRequest))
#20 /home/jjgroup1srv/domains/booklio.pl/public_html/vendor/cakephp/cakephp/src/Http/Runner.php(82): Cake\Error\Middleware\ErrorHandlerMiddleware->process(Object(Cake\Http\ServerRequest), Object(Cake\Http\Runner))
#21 /home/jjgroup1srv/domains/booklio.pl/public_html/src/Application.php(81): Cake\Http\Runner->handle(Object(Cake\Http\ServerRequest))
#22 /home/jjgroup1srv/domains/booklio.pl/public_html/vendor/cakephp/cakephp/src/Http/Runner.php(82): Psr\Http\Server\MiddlewareInterface@anonymous->process(Object(Cake\Http\ServerRequest), Object(Cake\Http\Runner))
#23 /home/jjgroup1srv/domains/booklio.pl/public_html/vendor/cakephp/cakephp/src/Http/Runner.php(60): Cake\Http\Runner->handle(Object(Cake\Http\ServerRequest))
#24 /home/jjgroup1srv/domains/booklio.pl/public_html/vendor/cakephp/cakephp/src/Http/Server.php(104): Cake\Http\Runner->run(Object(Cake\Http\MiddlewareQueue), Object(Cake\Http\ServerRequest), Object(App\Application))
#25 /home/jjgroup1srv/domains/booklio.pl/public_html/webroot/index.php(37): Cake\Http\Server->run()
#26 {main}
2026-04-08 16:12:47 error: [Cake\Http\Exception\MissingControllerException] Controller class `Assets` could not be found. in /home/jjgroup1srv/domains/booklio.pl/public_html/vendor/cakephp/cakephp/src/Controller/ControllerFactory.php on line 335
Stack Trace:
- CORE/src/Controller/ControllerFactory.php:77
- CORE/src/Http/BaseApplication.php:360
- CORE/src/Http/Runner.php:86
- ROOT/vendor/cakephp/authorization/src/Middleware/RequestAuthorizationMiddleware.php:110
- CORE/src/Http/Runner.php:82
- ROOT/vendor/cakephp/authorization/src/Middleware/AuthorizationMiddleware.php:136
- CORE/src/Http/Runner.php:82
- ROOT/vendor/cakedc/auth/src/Middleware/TwoFactorMiddleware.php:43
- CORE/src/Http/Runner.php:82
- ROOT/vendor/cakephp/authentication/src/Middleware/AuthenticationMiddleware.php:106
- CORE/src/Http/Runner.php:82
- CORE/src/Http/Middleware/CsrfProtectionMiddleware.php:169
- CORE/src/Http/Runner.php:82
- CORE/src/Http/Middleware/BodyParserMiddleware.php:157
- CORE/src/Http/Runner.php:82
- CORE/src/Routing/Middleware/RoutingMiddleware.php:117
- CORE/src/Http/Runner.php:82
- CORE/src/Routing/Middleware/AssetMiddleware.php:79
- CORE/src/Http/Runner.php:82
- CORE/src/Error/Middleware/ErrorHandlerMiddleware.php:115
- CORE/src/Http/Runner.php:82
- APP/Application.php:81
- CORE/src/Http/Runner.php:82
- CORE/src/Http/Runner.php:60
- CORE/src/Http/Server.php:104
- ROOT/webroot/index.php:37
- [main]:

Request URL: /assets/css/tabler-icons.css.map
Client IP: 188.147.249.109
2026-04-08 16:12:47 error: [ERR-E314C2BF] HTTP 404 | URL: /assets/css/tabler-icons.css.map | Message: Not Found | Exception: Cake\Http\Exception\MissingControllerException in /home/jjgroup1srv/domains/booklio.pl/public_html/vendor/cakephp/cakephp/src/Controller/ControllerFactory.php:335
#0 /home/jjgroup1srv/domains/booklio.pl/public_html/vendor/cakephp/cakephp/src/Controller/ControllerFactory.php(77): Cake\Controller\ControllerFactory->missingController(Object(Cake\Http\ServerRequest))
#1 /home/jjgroup1srv/domains/booklio.pl/public_html/vendor/cakephp/cakephp/src/Http/BaseApplication.php(360): Cake\Controller\ControllerFactory->create(Object(Cake\Http\ServerRequest))
#2 /home/jjgroup1srv/domains/booklio.pl/public_html/vendor/cakephp/cakephp/src/Http/Runner.php(86): Cake\Http\BaseApplication->handle(Object(Cake\Http\ServerRequest))
#3 /home/jjgroup1srv/domains/booklio.pl/public_html/vendor/cakephp/authorization/src/Middleware/RequestAuthorizationMiddleware.php(110): Cake\Http\Runner->handle(Object(Cake\Http\ServerRequest))
#4 /home/jjgroup1srv/domains/booklio.pl/public_html/vendor/cakephp/cakephp/src/Http/Runner.php(82): Authorization\Middleware\RequestAuthorizationMiddleware->process(Object(Cake\Http\ServerRequest), Object(Cake\Http\Runner))
#5 /home/jjgroup1srv/domains/booklio.pl/public_html/vendor/cakephp/authorization/src/Middleware/AuthorizationMiddleware.php(136): Cake\Http\Runner->handle(Object(Cake\Http\ServerRequest))
#6 /home/jjgroup1srv/domains/booklio.pl/public_html/vendor/cakephp/cakephp/src/Http/Runner.php(82): Authorization\Middleware\AuthorizationMiddleware->process(Object(Cake\Http\ServerRequest), Object(Cake\Http\Runner))
#7 /home/jjgroup1srv/domains/booklio.pl/public_html/vendor/cakedc/auth/src/Middleware/TwoFactorMiddleware.php(43): Cake\Http\Runner->handle(Object(Cake\Http\ServerRequest))
#8 /home/jjgroup1srv/domains/booklio.pl/public_html/vendor/cakephp/cakephp/src/Http/Runner.php(82): CakeDC\Auth\Middleware\TwoFactorMiddleware->process(Object(Cake\Http\ServerRequest), Object(Cake\Http\Runner))
#9 /home/jjgroup1srv/domains/booklio.pl/public_html/vendor/cakephp/authentication/src/Middleware/AuthenticationMiddleware.php(106): Cake\Http\Runner->handle(Object(Cake\Http\ServerRequest))
#10 /home/jjgroup1srv/domains/booklio.pl/public_html/vendor/cakephp/cakephp/src/Http/Runner.php(82): Authentication\Middleware\AuthenticationMiddleware->process(Object(Cake\Http\ServerRequest), Object(Cake\Http\Runner))
#11 /home/jjgroup1srv/domains/booklio.pl/public_html/vendor/cakephp/cakephp/src/Http/Middleware/CsrfProtectionMiddleware.php(169): Cake\Http\Runner->handle(Object(Cake\Http\ServerRequest))
#12 /home/jjgroup1srv/domains/booklio.pl/public_html/vendor/cakephp/cakephp/src/Http/Runner.php(82): Cake\Http\Middleware\CsrfProtectionMiddleware->process(Object(Cake\Http\ServerRequest), Object(Cake\Http\Runner))
#13 /home/jjgroup1srv/domains/booklio.pl/public_html/vendor/cakephp/cakephp/src/Http/Middleware/BodyParserMiddleware.php(157): Cake\Http\Runner->handle(Object(Cake\Http\ServerRequest))
#14 /home/jjgroup1srv/domains/booklio.pl/public_html/vendor/cakephp/cakephp/src/Http/Runner.php(82): Cake\Http\Middleware\BodyParserMiddleware->process(Object(Cake\Http\ServerRequest), Object(Cake\Http\Runner))
#15 /home/jjgroup1srv/domains/booklio.pl/public_html/vendor/cakephp/cakephp/src/Routing/Middleware/RoutingMiddleware.php(117): Cake\Http\Runner->handle(Object(Cake\Http\ServerRequest))
#16 /home/jjgroup1srv/domains/booklio.pl/public_html/vendor/cakephp/cakephp/src/Http/Runner.php(82): Cake\Routing\Middleware\RoutingMiddleware->process(Object(Cake\Http\ServerRequest), Object(Cake\Http\Runner))
#17 /home/jjgroup1srv/domains/booklio.pl/public_html/vendor/cakephp/cakephp/src/Routing/Middleware/AssetMiddleware.php(79): Cake\Http\Runner->handle(Object(Cake\Http\ServerRequest))
#18 /home/jjgroup1srv/domains/booklio.pl/public_html/vendor/cakephp/cakephp/src/Http/Runner.php(82): Cake\Routing\Middleware\AssetMiddleware->process(Object(Cake\Http\ServerRequest), Object(Cake\Http\Runner))
#19 /home/jjgroup1srv/domains/booklio.pl/public_html/vendor/cakephp/cakephp/src/Error/Middleware/ErrorHandlerMiddleware.php(115): Cake\Http\Runner->handle(Object(Cake\Http\ServerRequest))
#20 /home/jjgroup1srv/domains/booklio.pl/public_html/vendor/cakephp/cakephp/src/Http/Runner.php(82): Cake\Error\Middleware\ErrorHandlerMiddleware->process(Object(Cake\Http\ServerRequest), Object(Cake\Http\Runner))
#21 /home/jjgroup1srv/domains/booklio.pl/public_html/src/Application.php(81): Cake\Http\Runner->handle(Object(Cake\Http\ServerRequest))
#22 /home/jjgroup1srv/domains/booklio.pl/public_html/vendor/cakephp/cakephp/src/Http/Runner.php(82): Psr\Http\Server\MiddlewareInterface@anonymous->process(Object(Cake\Http\ServerRequest), Object(Cake\Http\Runner))
#23 /home/jjgroup1srv/domains/booklio.pl/public_html/vendor/cakephp/cakephp/src/Http/Runner.php(60): Cake\Http\Runner->handle(Object(Cake\Http\ServerRequest))
#24 /home/jjgroup1srv/domains/booklio.pl/public_html/vendor/cakephp/cakephp/src/Http/Server.php(104): Cake\Http\Runner->run(Object(Cake\Http\MiddlewareQueue), Object(Cake\Http\ServerRequest), Object(App\Application))
#25 /home/jjgroup1srv/domains/booklio.pl/public_html/webroot/index.php(37): Cake\Http\Server->run()
#26 {main}
2026-04-08 16:13:00 error: [Cake\Http\Exception\MissingControllerException] Controller class `Assets` could not be found. in /home/jjgroup1srv/domains/booklio.pl/public_html/vendor/cakephp/cakephp/src/Controller/ControllerFactory.php on line 335
Stack Trace:
- CORE/src/Controller/ControllerFactory.php:77
- CORE/src/Http/BaseApplication.php:360
- CORE/src/Http/Runner.php:86
- ROOT/vendor/cakephp/authorization/src/Middleware/RequestAuthorizationMiddleware.php:110
- CORE/src/Http/Runner.php:82
- ROOT/vendor/cakephp/authorization/src/Middleware/AuthorizationMiddleware.php:136
- CORE/src/Http/Runner.php:82
- ROOT/vendor/cakedc/auth/src/Middleware/TwoFactorMiddleware.php:43
- CORE/src/Http/Runner.php:82
- ROOT/vendor/cakephp/authentication/src/Middleware/AuthenticationMiddleware.php:106
- CORE/src/Http/Runner.php:82
- CORE/src/Http/Middleware/CsrfProtectionMiddleware.php:169
- CORE/src/Http/Runner.php:82
- CORE/src/Http/Middleware/BodyParserMiddleware.php:157
- CORE/src/Http/Runner.php:82
- CORE/src/Routing/Middleware/RoutingMiddleware.php:117
- CORE/src/Http/Runner.php:82
- CORE/src/Routing/Middleware/AssetMiddleware.php:79
- CORE/src/Http/Runner.php:82
- CORE/src/Error/Middleware/ErrorHandlerMiddleware.php:115
- CORE/src/Http/Runner.php:82
- APP/Application.php:81
- CORE/src/Http/Runner.php:82
- CORE/src/Http/Runner.php:60
- CORE/src/Http/Server.php:104
- ROOT/webroot/index.php:37
- [main]:

Request URL: /assets/css/tabler-icons.css.map
Client IP: 188.147.249.109
2026-04-08 16:13:00 error: [ERR-3A44C5B8] HTTP 404 | URL: /assets/css/tabler-icons.css.map | Message: Not Found | Exception: Cake\Http\Exception\MissingControllerException in /home/jjgroup1srv/domains/booklio.pl/public_html/vendor/cakephp/cakephp/src/Controller/ControllerFactory.php:335
#0 /home/jjgroup1srv/domains/booklio.pl/public_html/vendor/cakephp/cakephp/src/Controller/ControllerFactory.php(77): Cake\Controller\ControllerFactory->missingController(Object(Cake\Http\ServerRequest))
#1 /home/jjgroup1srv/domains/booklio.pl/public_html/vendor/cakephp/cakephp/src/Http/BaseApplication.php(360): Cake\Controller\ControllerFactory->create(Object(Cake\Http\ServerRequest))
#2 /home/jjgroup1srv/domains/booklio.pl/public_html/vendor/cakephp/cakephp/src/Http/Runner.php(86): Cake\Http\BaseApplication->handle(Object(Cake\Http\ServerRequest))
#3 /home/jjgroup1srv/domains/booklio.pl/public_html/vendor/cakephp/authorization/src/Middleware/RequestAuthorizationMiddleware.php(110): Cake\Http\Runner->handle(Object(Cake\Http\ServerRequest))
#4 /home/jjgroup1srv/domains/booklio.pl/public_html/vendor/cakephp/cakephp/src/Http/Runner.php(82): Authorization\Middleware\RequestAuthorizationMiddleware->process(Object(Cake\Http\ServerRequest), Object(Cake\Http\Runner))
#5 /home/jjgroup1srv/domains/booklio.pl/public_html/vendor/cakephp/authorization/src/Middleware/AuthorizationMiddleware.php(136): Cake\Http\Runner->handle(Object(Cake\Http\ServerRequest))
#6 /home/jjgroup1srv/domains/booklio.pl/public_html/vendor/cakephp/cakephp/src/Http/Runner.php(82): Authorization\Middleware\AuthorizationMiddleware->process(Object(Cake\Http\ServerRequest), Object(Cake\Http\Runner))
#7 /home/jjgroup1srv/domains/booklio.pl/public_html/vendor/cakedc/auth/src/Middleware/TwoFactorMiddleware.php(43): Cake\Http\Runner->handle(Object(Cake\Http\ServerRequest))
#8 /home/jjgroup1srv/domains/booklio.pl/public_html/vendor/cakephp/cakephp/src/Http/Runner.php(82): CakeDC\Auth\Middleware\TwoFactorMiddleware->process(Object(Cake\Http\ServerRequest), Object(Cake\Http\Runner))
#9 /home/jjgroup1srv/domains/booklio.pl/public_html/vendor/cakephp/authentication/src/Middleware/AuthenticationMiddleware.php(106): Cake\Http\Runner->handle(Object(Cake\Http\ServerRequest))
#10 /home/jjgroup1srv/domains/booklio.pl/public_html/vendor/cakephp/cakephp/src/Http/Runner.php(82): Authentication\Middleware\AuthenticationMiddleware->process(Object(Cake\Http\ServerRequest), Object(Cake\Http\Runner))
#11 /home/jjgroup1srv/domains/booklio.pl/public_html/vendor/cakephp/cakephp/src/Http/Middleware/CsrfProtectionMiddleware.php(169): Cake\Http\Runner->handle(Object(Cake\Http\ServerRequest))
#12 /home/jjgroup1srv/domains/booklio.pl/public_html/vendor/cakephp/cakephp/src/Http/Runner.php(82): Cake\Http\Middleware\CsrfProtectionMiddleware->process(Object(Cake\Http\ServerRequest), Object(Cake\Http\Runner))
#13 /home/jjgroup1srv/domains/booklio.pl/public_html/vendor/cakephp/cakephp/src/Http/Middleware/BodyParserMiddleware.php(157): Cake\Http\Runner->handle(Object(Cake\Http\ServerRequest))
#14 /home/jjgroup1srv/domains/booklio.pl/public_html/vendor/cakephp/cakephp/src/Http/Runner.php(82): Cake\Http\Middleware\BodyParserMiddleware->process(Object(Cake\Http\ServerRequest), Object(Cake\Http\Runner))
#15 /home/jjgroup1srv/domains/booklio.pl/public_html/vendor/cakephp/cakephp/src/Routing/Middleware/RoutingMiddleware.php(117): Cake\Http\Runner->handle(Object(Cake\Http\ServerRequest))
#16 /home/jjgroup1srv/domains/booklio.pl/public_html/vendor/cakephp/cakephp/src/Http/Runner.php(82): Cake\Routing\Middleware\RoutingMiddleware->process(Object(Cake\Http\ServerRequest), Object(Cake\Http\Runner))
#17 /home/jjgroup1srv/domains/booklio.pl/public_html/vendor/cakephp/cakephp/src/Routing/Middleware/AssetMiddleware.php(79): Cake\Http\Runner->handle(Object(Cake\Http\ServerRequest))
#18 /home/jjgroup1srv/domains/booklio.pl/public_html/vendor/cakephp/cakephp/src/Http/Runner.php(82): Cake\Routing\Middleware\AssetMiddleware->process(Object(Cake\Http\ServerRequest), Object(Cake\Http\Runner))
#19 /home/jjgroup1srv/domains/booklio.pl/public_html/vendor/cakephp/cakephp/src/Error/Middleware/ErrorHandlerMiddleware.php(115): Cake\Http\Runner->handle(Object(Cake\Http\ServerRequest))
#20 /home/jjgroup1srv/domains/booklio.pl/public_html/vendor/cakephp/cakephp/src/Http/Runner.php(82): Cake\Error\Middleware\ErrorHandlerMiddleware->process(Object(Cake\Http\ServerRequest), Object(Cake\Http\Runner))
#21 /home/jjgroup1srv/domains/booklio.pl/public_html/src/Application.php(81): Cake\Http\Runner->handle(Object(Cake\Http\ServerRequest))
#22 /home/jjgroup1srv/domains/booklio.pl/public_html/vendor/cakephp/cakephp/src/Http/Runner.php(82): Psr\Http\Server\MiddlewareInterface@anonymous->process(Object(Cake\Http\ServerRequest), Object(Cake\Http\Runner))
#23 /home/jjgroup1srv/domains/booklio.pl/public_html/vendor/cakephp/cakephp/src/Http/Runner.php(60): Cake\Http\Runner->handle(Object(Cake\Http\ServerRequest))
#24 /home/jjgroup1srv/domains/booklio.pl/public_html/vendor/cakephp/cakephp/src/Http/Server.php(104): Cake\Http\Runner->run(Object(Cake\Http\MiddlewareQueue), Object(Cake\Http\ServerRequest), Object(App\Application))
#25 /home/jjgroup1srv/domains/booklio.pl/public_html/webroot/index.php(37): Cake\Http\Server->run()
#26 {main}
2026-04-08 16:13:14 error: [Cake\Http\Exception\MissingControllerException] Controller class `Assets` could not be found. in /home/jjgroup1srv/domains/booklio.pl/public_html/vendor/cakephp/cakephp/src/Controller/ControllerFactory.php on line 335
Stack Trace:
- CORE/src/Controller/ControllerFactory.php:77
- CORE/src/Http/BaseApplication.php:360
- CORE/src/Http/Runner.php:86
- ROOT/vendor/cakephp/authorization/src/Middleware/RequestAuthorizationMiddleware.php:110
- CORE/src/Http/Runner.php:82
- ROOT/vendor/cakephp/authorization/src/Middleware/AuthorizationMiddleware.php:136
- CORE/src/Http/Runner.php:82
- ROOT/vendor/cakedc/auth/src/Middleware/TwoFactorMiddleware.php:43
- CORE/src/Http/Runner.php:82
- ROOT/vendor/cakephp/authentication/src/Middleware/AuthenticationMiddleware.php:106
- CORE/src/Http/Runner.php:82
- CORE/src/Http/Middleware/CsrfProtectionMiddleware.php:169
- CORE/src/Http/Runner.php:82
- CORE/src/Http/Middleware/BodyParserMiddleware.php:157
- CORE/src/Http/Runner.php:82
- CORE/src/Routing/Middleware/RoutingMiddleware.php:117
- CORE/src/Http/Runner.php:82
- CORE/src/Routing/Middleware/AssetMiddleware.php:79
- CORE/src/Http/Runner.php:82
- CORE/src/Error/Middleware/ErrorHandlerMiddleware.php:115
- CORE/src/Http/Runner.php:82
- APP/Application.php:81
- CORE/src/Http/Runner.php:82
- CORE/src/Http/Runner.php:60
- CORE/src/Http/Server.php:104
- ROOT/webroot/index.php:37
- [main]:

Request URL: /assets/css/tabler-icons.css.map
Client IP: 188.147.249.109
2026-04-08 16:13:14 error: [ERR-4775F70D] HTTP 404 | URL: /assets/css/tabler-icons.css.map | Message: Not Found | Exception: Cake\Http\Exception\MissingControllerException in /home/jjgroup1srv/domains/booklio.pl/public_html/vendor/cakephp/cakephp/src/Controller/ControllerFactory.php:335
#0 /home/jjgroup1srv/domains/booklio.pl/public_html/vendor/cakephp/cakephp/src/Controller/ControllerFactory.php(77): Cake\Controller\ControllerFactory->missingController(Object(Cake\Http\ServerRequest))
#1 /home/jjgroup1srv/domains/booklio.pl/public_html/vendor/cakephp/cakephp/src/Http/BaseApplication.php(360): Cake\Controller\ControllerFactory->create(Object(Cake\Http\ServerRequest))
#2 /home/jjgroup1srv/domains/booklio.pl/public_html/vendor/cakephp/cakephp/src/Http/Runner.php(86): Cake\Http\BaseApplication->handle(Object(Cake\Http\ServerRequest))
#3 /home/jjgroup1srv/domains/booklio.pl/public_html/vendor/cakephp/authorization/src/Middleware/RequestAuthorizationMiddleware.php(110): Cake\Http\Runner->handle(Object(Cake\Http\ServerRequest))
#4 /home/jjgroup1srv/domains/booklio.pl/public_html/vendor/cakephp/cakephp/src/Http/Runner.php(82): Authorization\Middleware\RequestAuthorizationMiddleware->process(Object(Cake\Http\ServerRequest), Object(Cake\Http\Runner))
#5 /home/jjgroup1srv/domains/booklio.pl/public_html/vendor/cakephp/authorization/src/Middleware/AuthorizationMiddleware.php(136): Cake\Http\Runner->handle(Object(Cake\Http\ServerRequest))
#6 /home/jjgroup1srv/domains/booklio.pl/public_html/vendor/cakephp/cakephp/src/Http/Runner.php(82): Authorization\Middleware\AuthorizationMiddleware->process(Object(Cake\Http\ServerRequest), Object(Cake\Http\Runner))
#7 /home/jjgroup1srv/domains/booklio.pl/public_html/vendor/cakedc/auth/src/Middleware/TwoFactorMiddleware.php(43): Cake\Http\Runner->handle(Object(Cake\Http\ServerRequest))
#8 /home/jjgroup1srv/domains/booklio.pl/public_html/vendor/cakephp/cakephp/src/Http/Runner.php(82): CakeDC\Auth\Middleware\TwoFactorMiddleware->process(Object(Cake\Http\ServerRequest), Object(Cake\Http\Runner))
#9 /home/jjgroup1srv/domains/booklio.pl/public_html/vendor/cakephp/authentication/src/Middleware/AuthenticationMiddleware.php(106): Cake\Http\Runner->handle(Object(Cake\Http\ServerRequest))
#10 /home/jjgroup1srv/domains/booklio.pl/public_html/vendor/cakephp/cakephp/src/Http/Runner.php(82): Authentication\Middleware\AuthenticationMiddleware->process(Object(Cake\Http\ServerRequest), Object(Cake\Http\Runner))
#11 /home/jjgroup1srv/domains/booklio.pl/public_html/vendor/cakephp/cakephp/src/Http/Middleware/CsrfProtectionMiddleware.php(169): Cake\Http\Runner->handle(Object(Cake\Http\ServerRequest))
#12 /home/jjgroup1srv/domains/booklio.pl/public_html/vendor/cakephp/cakephp/src/Http/Runner.php(82): Cake\Http\Middleware\CsrfProtectionMiddleware->process(Object(Cake\Http\ServerRequest), Object(Cake\Http\Runner))
#13 /home/jjgroup1srv/domains/booklio.pl/public_html/vendor/cakephp/cakephp/src/Http/Middleware/BodyParserMiddleware.php(157): Cake\Http\Runner->handle(Object(Cake\Http\ServerRequest))
#14 /home/jjgroup1srv/domains/booklio.pl/public_html/vendor/cakephp/cakephp/src/Http/Runner.php(82): Cake\Http\Middleware\BodyParserMiddleware->process(Object(Cake\Http\ServerRequest), Object(Cake\Http\Runner))
#15 /home/jjgroup1srv/domains/booklio.pl/public_html/vendor/cakephp/cakephp/src/Routing/Middleware/RoutingMiddleware.php(117): Cake\Http\Runner->handle(Object(Cake\Http\ServerRequest))
#16 /home/jjgroup1srv/domains/booklio.pl/public_html/vendor/cakephp/cakephp/src/Http/Runner.php(82): Cake\Routing\Middleware\RoutingMiddleware->process(Object(Cake\Http\ServerRequest), Object(Cake\Http\Runner))
#17 /home/jjgroup1srv/domains/booklio.pl/public_html/vendor/cakephp/cakephp/src/Routing/Middleware/AssetMiddleware.php(79): Cake\Http\Runner->handle(Object(Cake\Http\ServerRequest))
#18 /home/jjgroup1srv/domains/booklio.pl/public_html/vendor/cakephp/cakephp/src/Http/Runner.php(82): Cake\Routing\Middleware\AssetMiddleware->process(Object(Cake\Http\ServerRequest), Object(Cake\Http\Runner))
#19 /home/jjgroup1srv/domains/booklio.pl/public_html/vendor/cakephp/cakephp/src/Error/Middleware/ErrorHandlerMiddleware.php(115): Cake\Http\Runner->handle(Object(Cake\Http\ServerRequest))
#20 /home/jjgroup1srv/domains/booklio.pl/public_html/vendor/cakephp/cakephp/src/Http/Runner.php(82): Cake\Error\Middleware\ErrorHandlerMiddleware->process(Object(Cake\Http\ServerRequest), Object(Cake\Http\Runner))
#21 /home/jjgroup1srv/domains/booklio.pl/public_html/src/Application.php(81): Cake\Http\Runner->handle(Object(Cake\Http\ServerRequest))
#22 /home/jjgroup1srv/domains/booklio.pl/public_html/vendor/cakephp/cakephp/src/Http/Runner.php(82): Psr\Http\Server\MiddlewareInterface@anonymous->process(Object(Cake\Http\ServerRequest), Object(Cake\Http\Runner))
#23 /home/jjgroup1srv/domains/booklio.pl/public_html/vendor/cakephp/cakephp/src/Http/Runner.php(60): Cake\Http\Runner->handle(Object(Cake\Http\ServerRequest))
#24 /home/jjgroup1srv/domains/booklio.pl/public_html/vendor/cakephp/cakephp/src/Http/Server.php(104): Cake\Http\Runner->run(Object(Cake\Http\MiddlewareQueue), Object(Cake\Http\ServerRequest), Object(App\Application))
#25 /home/jjgroup1srv/domains/booklio.pl/public_html/webroot/index.php(37): Cake\Http\Server->run()
#26 {main}
2026-04-08 16:13:22 error: [Cake\Http\Exception\MissingControllerException] Controller class `Assets` could not be found. in /home/jjgroup1srv/domains/booklio.pl/public_html/vendor/cakephp/cakephp/src/Controller/ControllerFactory.php on line 335
Stack Trace:
- CORE/src/Controller/ControllerFactory.php:77
- CORE/src/Http/BaseApplication.php:360
- CORE/src/Http/Runner.php:86
- ROOT/vendor/cakephp/authorization/src/Middleware/RequestAuthorizationMiddleware.php:110
- CORE/src/Http/Runner.php:82
- ROOT/vendor/cakephp/authorization/src/Middleware/AuthorizationMiddleware.php:136
- CORE/src/Http/Runner.php:82
- ROOT/vendor/cakedc/auth/src/Middleware/TwoFactorMiddleware.php:43
- CORE/src/Http/Runner.php:82
- ROOT/vendor/cakephp/authentication/src/Middleware/AuthenticationMiddleware.php:106
- CORE/src/Http/Runner.php:82
- CORE/src/Http/Middleware/CsrfProtectionMiddleware.php:169
- CORE/src/Http/Runner.php:82
- CORE/src/Http/Middleware/BodyParserMiddleware.php:157
- CORE/src/Http/Runner.php:82
- CORE/src/Routing/Middleware/RoutingMiddleware.php:117
- CORE/src/Http/Runner.php:82
- CORE/src/Routing/Middleware/AssetMiddleware.php:79
- CORE/src/Http/Runner.php:82
- CORE/src/Error/Middleware/ErrorHandlerMiddleware.php:115
- CORE/src/Http/Runner.php:82
- APP/Application.php:81
- CORE/src/Http/Runner.php:82
- CORE/src/Http/Runner.php:60
- CORE/src/Http/Server.php:104
- ROOT/webroot/index.php:37
- [main]:

Request URL: /assets/css/tabler-icons.css.map
Client IP: 188.147.249.109
2026-04-08 16:13:22 error: [ERR-2FF71AA0] HTTP 404 | URL: /assets/css/tabler-icons.css.map | Message: Not Found | Exception: Cake\Http\Exception\MissingControllerException in /home/jjgroup1srv/domains/booklio.pl/public_html/vendor/cakephp/cakephp/src/Controller/ControllerFactory.php:335
#0 /home/jjgroup1srv/domains/booklio.pl/public_html/vendor/cakephp/cakephp/src/Controller/ControllerFactory.php(77): Cake\Controller\ControllerFactory->missingController(Object(Cake\Http\ServerRequest))
#1 /home/jjgroup1srv/domains/booklio.pl/public_html/vendor/cakephp/cakephp/src/Http/BaseApplication.php(360): Cake\Controller\ControllerFactory->create(Object(Cake\Http\ServerRequest))
#2 /home/jjgroup1srv/domains/booklio.pl/public_html/vendor/cakephp/cakephp/src/Http/Runner.php(86): Cake\Http\BaseApplication->handle(Object(Cake\Http\ServerRequest))
#3 /home/jjgroup1srv/domains/booklio.pl/public_html/vendor/cakephp/authorization/src/Middleware/RequestAuthorizationMiddleware.php(110): Cake\Http\Runner->handle(Object(Cake\Http\ServerRequest))
#4 /home/jjgroup1srv/domains/booklio.pl/public_html/vendor/cakephp/cakephp/src/Http/Runner.php(82): Authorization\Middleware\RequestAuthorizationMiddleware->process(Object(Cake\Http\ServerRequest), Object(Cake\Http\Runner))
#5 /home/jjgroup1srv/domains/booklio.pl/public_html/vendor/cakephp/authorization/src/Middleware/AuthorizationMiddleware.php(136): Cake\Http\Runner->handle(Object(Cake\Http\ServerRequest))
#6 /home/jjgroup1srv/domains/booklio.pl/public_html/vendor/cakephp/cakephp/src/Http/Runner.php(82): Authorization\Middleware\AuthorizationMiddleware->process(Object(Cake\Http\ServerRequest), Object(Cake\Http\Runner))
#7 /home/jjgroup1srv/domains/booklio.pl/public_html/vendor/cakedc/auth/src/Middleware/TwoFactorMiddleware.php(43): Cake\Http\Runner->handle(Object(Cake\Http\ServerRequest))
#8 /home/jjgroup1srv/domains/booklio.pl/public_html/vendor/cakephp/cakephp/src/Http/Runner.php(82): CakeDC\Auth\Middleware\TwoFactorMiddleware->process(Object(Cake\Http\ServerRequest), Object(Cake\Http\Runner))
#9 /home/jjgroup1srv/domains/booklio.pl/public_html/vendor/cakephp/authentication/src/Middleware/AuthenticationMiddleware.php(106): Cake\Http\Runner->handle(Object(Cake\Http\ServerRequest))
#10 /home/jjgroup1srv/domains/booklio.pl/public_html/vendor/cakephp/cakephp/src/Http/Runner.php(82): Authentication\Middleware\AuthenticationMiddleware->process(Object(Cake\Http\ServerRequest), Object(Cake\Http\Runner))
#11 /home/jjgroup1srv/domains/booklio.pl/public_html/vendor/cakephp/cakephp/src/Http/Middleware/CsrfProtectionMiddleware.php(169): Cake\Http\Runner->handle(Object(Cake\Http\ServerRequest))
#12 /home/jjgroup1srv/domains/booklio.pl/public_html/vendor/cakephp/cakephp/src/Http/Runner.php(82): Cake\Http\Middleware\CsrfProtectionMiddleware->process(Object(Cake\Http\ServerRequest), Object(Cake\Http\Runner))
#13 /home/jjgroup1srv/domains/booklio.pl/public_html/vendor/cakephp/cakephp/src/Http/Middleware/BodyParserMiddleware.php(157): Cake\Http\Runner->handle(Object(Cake\Http\ServerRequest))
#14 /home/jjgroup1srv/domains/booklio.pl/public_html/vendor/cakephp/cakephp/src/Http/Runner.php(82): Cake\Http\Middleware\BodyParserMiddleware->process(Object(Cake\Http\ServerRequest), Object(Cake\Http\Runner))
#15 /home/jjgroup1srv/domains/booklio.pl/public_html/vendor/cakephp/cakephp/src/Routing/Middleware/RoutingMiddleware.php(117): Cake\Http\Runner->handle(Object(Cake\Http\ServerRequest))
#16 /home/jjgroup1srv/domains/booklio.pl/public_html/vendor/cakephp/cakephp/src/Http/Runner.php(82): Cake\Routing\Middleware\RoutingMiddleware->process(Object(Cake\Http\ServerRequest), Object(Cake\Http\Runner))
#17 /home/jjgroup1srv/domains/booklio.pl/public_html/vendor/cakephp/cakephp/src/Routing/Middleware/AssetMiddleware.php(79): Cake\Http\Runner->handle(Object(Cake\Http\ServerRequest))
#18 /home/jjgroup1srv/domains/booklio.pl/public_html/vendor/cakephp/cakephp/src/Http/Runner.php(82): Cake\Routing\Middleware\AssetMiddleware->process(Object(Cake\Http\ServerRequest), Object(Cake\Http\Runner))
#19 /home/jjgroup1srv/domains/booklio.pl/public_html/vendor/cakephp/cakephp/src/Error/Middleware/ErrorHandlerMiddleware.php(115): Cake\Http\Runner->handle(Object(Cake\Http\ServerRequest))
#20 /home/jjgroup1srv/domains/booklio.pl/public_html/vendor/cakephp/cakephp/src/Http/Runner.php(82): Cake\Error\Middleware\ErrorHandlerMiddleware->process(Object(Cake\Http\ServerRequest), Object(Cake\Http\Runner))
#21 /home/jjgroup1srv/domains/booklio.pl/public_html/src/Application.php(81): Cake\Http\Runner->handle(Object(Cake\Http\ServerRequest))
#22 /home/jjgroup1srv/domains/booklio.pl/public_html/vendor/cakephp/cakephp/src/Http/Runner.php(82): Psr\Http\Server\MiddlewareInterface@anonymous->process(Object(Cake\Http\ServerRequest), Object(Cake\Http\Runner))
#23 /home/jjgroup1srv/domains/booklio.pl/public_html/vendor/cakephp/cakephp/src/Http/Runner.php(60): Cake\Http\Runner->handle(Object(Cake\Http\ServerRequest))
#24 /home/jjgroup1srv/domains/booklio.pl/public_html/vendor/cakephp/cakephp/src/Http/Server.php(104): Cake\Http\Runner->run(Object(Cake\Http\MiddlewareQueue), Object(Cake\Http\ServerRequest), Object(App\Application))
#25 /home/jjgroup1srv/domains/booklio.pl/public_html/webroot/index.php(37): Cake\Http\Server->run()
#26 {main}
